// Vitest Snapshot v1, https://vitest.dev/guide/snapshot.html

exports[`Field Status > ðŸ¥© Default render 1`] = `
<div>
  <span
    class="ant-badge ant-badge-status ant-badge-not-a-wrapper"
  >
    <span
      class="ant-badge-status-dot ant-badge-status-default"
    />
    <span
      class="ant-badge-status-text"
    >
      æœªè§£å†³
    </span>
  </span>
</div>
`;

exports[`Field Status > ðŸ¥© Error render 1`] = `
<div>
  <span
    class="ant-badge ant-badge-status ant-badge-not-a-wrapper"
  >
    <span
      class="ant-badge-status-dot ant-badge-status-error"
    />
    <span
      class="ant-badge-status-text"
    >
      æœªè§£å†³
    </span>
  </span>
</div>
`;

exports[`Field Status > ðŸ¥© Processing render 1`] = `
<div>
  <span
    class="ant-badge ant-badge-status ant-badge-not-a-wrapper"
  >
    <span
      class="ant-badge-status-dot ant-badge-status-processing"
    />
    <span
      class="ant-badge-status-text"
    >
      æœªè§£å†³
    </span>
  </span>
</div>
`;

exports[`Field Status > ðŸ¥© Success render 1`] = `
<div>
  <span
    class="ant-badge ant-badge-status ant-badge-not-a-wrapper"
  >
    <span
      class="ant-badge-status-dot ant-badge-status-success"
    />
    <span
      class="ant-badge-status-text"
    >
      æœªè§£å†³
    </span>
  </span>
</div>
`;

exports[`Field Status > ðŸ¥© Warning render 1`] = `
<div>
  <span
    class="ant-badge ant-badge-status ant-badge-not-a-wrapper"
  >
    <span
      class="ant-badge-status-dot ant-badge-status-warning"
    />
    <span
      class="ant-badge-status-text"
    >
      æœªè§£å†³
    </span>
  </span>
</div>
`;

exports[`Field Status > ðŸ¥© default render 1`] = `
<div>
  <span
    class="ant-badge ant-badge-status ant-badge-not-a-wrapper"
  >
    <span
      class="ant-badge-status-dot ant-badge-status-default"
    />
    <span
      class="ant-badge-status-text"
    >
      æœªè§£å†³
    </span>
  </span>
</div>
`;

exports[`Field Status > ðŸ¥© error render 1`] = `
<div>
  <span
    class="ant-badge ant-badge-status ant-badge-not-a-wrapper"
  >
    <span
      class="ant-badge-status-dot ant-badge-status-error"
    />
    <span
      class="ant-badge-status-text"
    >
      æœªè§£å†³
    </span>
  </span>
</div>
`;

exports[`Field Status > ðŸ¥© processing render 1`] = `
<div>
  <span
    class="ant-badge ant-badge-status ant-badge-not-a-wrapper"
  >
    <span
      class="ant-badge-status-dot ant-badge-status-processing"
    />
    <span
      class="ant-badge-status-text"
    >
      æœªè§£å†³
    </span>
  </span>
</div>
`;

exports[`Field Status > ðŸ¥© red color render 1`] = `
<div>
  <span
    class="ant-badge ant-badge-status ant-badge-not-a-wrapper"
  >
    <span
      class="ant-badge-status-dot ant-badge-color-red"
    />
    <span
      class="ant-badge-status-text"
    >
      æœªè§£å†³
    </span>
  </span>
</div>
`;

exports[`Field Status > ðŸ¥© success render 1`] = `
<div>
  <span
    class="ant-badge ant-badge-status ant-badge-not-a-wrapper"
  >
    <span
      class="ant-badge-status-dot ant-badge-status-success"
    />
    <span
      class="ant-badge-status-text"
    >
      æœªè§£å†³
    </span>
  </span>
</div>
`;

exports[`Field Status > ðŸ¥© warning render 1`] = `
<div>
  <span
    class="ant-badge ant-badge-status ant-badge-not-a-wrapper"
  >
    <span
      class="ant-badge-status-dot ant-badge-status-warning"
    />
    <span
      class="ant-badge-status-text"
    >
      æœªè§£å†³
    </span>
  </span>
</div>
`;
